
> check:inline-syntax
> node custom_components/dashboardmodern/frontend/tests/inline-syntax.js custom_components/dashboardmodern/frontend/legacy/dashboard.html custom_components/dashboardmodern/frontend/legacy/dashboard-en.html

custom_components/dashboardmodern/frontend/legacy/dashboard.html: compiled 0 inline scripts
custom_components/dashboardmodern/frontend/legacy/dashboard-en.html: compiled 0 inline scripts

> test:frontend
> node --test custom_components/dashboardmodern/frontend/tests/*.test.js

TAP version 13
# Subtest: the canonical catalog is exactly the original 20-item appliance picker
ok 1 - the canonical catalog is exactly the original 20-item appliance picker
  ---
  duration_ms: 2.110542
  type: 'test'
  ...
# Subtest: all legacy aliases used by appliance/report code resolve to picker keys
ok 2 - all legacy aliases used by appliance/report code resolve to picker keys
  ---
  duration_ms: 7.484393
  type: 'test'
  ...
# Subtest: an appliance accidentally saved as generic recovers the specific visual and keeps links
ok 3 - an appliance accidentally saved as generic recovers the specific visual and keeps links
  ---
  duration_ms: 2.358165
  type: 'test'
  ...
# Subtest: appliance editor never copies monthly energy into lifetime history
ok 4 - appliance editor never copies monthly energy into lifetime history
  ---
  duration_ms: 0.98769
  type: 'test'
  ...
# Subtest: editing the lifetime meter preserves an independent current-period Report source
ok 5 - editing the lifetime meter preserves an independent current-period Report source
  ---
  duration_ms: 0.264285
  type: 'test'
  ...
# Subtest: legacy history only prefills Total energy when it is actually cumulative
ok 6 - legacy history only prefills Total energy when it is actually cumulative
  ---
  duration_ms: 0.169307
  type: 'test'
  ...
# Subtest: total-energy help explicitly rejects the monthly sensor role
ok 7 - total-energy help explicitly rejects the monthly sensor role
  ---
  duration_ms: 0.150802
  type: 'test'
  ...
# Subtest: appliance KPI runtime keeps running semantics, removes alerts and centers popups
ok 8 - appliance KPI runtime keeps running semantics, removes alerts and centers popups
  ---
  duration_ms: 7.347907
  type: 'test'
  ...
# Subtest: appliance layout never hides an action by DOM position
ok 9 - appliance layout never hides an action by DOM position
  ---
  duration_ms: 1.226606
  type: 'test'
  ...
# Subtest: appliance behavior hides only the legacy power action and preserves History
ok 10 - appliance behavior hides only the legacy power action and preserves History
  ---
  duration_ms: 0.305813
  type: 'test'
  ...
# Subtest: one appliance view model owns status, summary, badge, action and history
ok 11 - one appliance view model owns status, summary, badge, action and history
  ---
  duration_ms: 8.730932
  type: 'test'
  ...
# Subtest: appliance thresholds produce STANDBY and SPENTO deterministically
ok 12 - appliance thresholds produce STANDBY and SPENTO deterministically
  ---
  duration_ms: 0.71545
  type: 'test'
  ...
# Subtest: a powered smart plug at 0 W is not reported as IN FUNZIONE
ok 13 - a powered smart plug at 0 W is not reported as IN FUNZIONE
  ---
  duration_ms: 0.338033
  type: 'test'
  ...
# Subtest: canonical state_entity drives status even without power or control entities
ok 14 - canonical state_entity drives status even without power or control entities
  ---
  duration_ms: 2.372181
  type: 'test'
  ...
# Subtest: generic ON state means standby when a power sensor says 0 W
ok 15 - generic ON state means standby when a power sensor says 0 W
  ---
  duration_ms: 0.453068
  type: 'test'
  ...
# Subtest: monthly energy measurements do not masquerade as lifetime history
ok 16 - monthly energy measurements do not masquerade as lifetime history
  ---
  duration_ms: 1.959411
  type: 'test'
  ...
# Subtest: legacy status_entity remains supported after migration
ok 17 - legacy status_entity remains supported after migration
  ---
  duration_ms: 0.431047
  type: 'test'
  ...
# Subtest: unknown and unavailable configured states are not presented as OFF
ok 18 - unknown and unavailable configured states are not presented as OFF
  ---
  duration_ms: 0.541574
  type: 'test'
  ...
# Subtest: known appliance aliases normalize to the editor visual keys
ok 19 - known appliance aliases normalize to the editor visual keys
  ---
  duration_ms: 1.848161
  type: 'test'
  ...
# Subtest: a legacy Microwave asset cannot reopen on a different appliance option
ok 20 - a legacy Microwave asset cannot reopen on a different appliance option
  ---
  duration_ms: 1.83697
  type: 'test'
  ...
# [DashboardStore] migration [ 'energy annual/lifetime semantics migrated' ]
# Subtest: DashboardStore EV update preserves brand, icon, image and mappings
ok 21 - DashboardStore EV update preserves brand, icon, image and mappings
  ---
  duration_ms: 9.503731
  type: 'test'
  ...
# Subtest: EV normalization preserves entity overrides, image, brand and custom icon
ok 22 - EV normalization preserves entity overrides, image, brand and custom icon
  ---
  duration_ms: 3.526593
  type: 'test'
  ...
# Subtest: EV normalization also accepts the newer overrides field
ok 23 - EV normalization also accepts the newer overrides field
  ---
  duration_ms: 0.707825
  type: 'test'
  ...
# Subtest: EV appearance is strictly scoped to the EV editor and is not prepended globally
ok 24 - EV appearance is strictly scoped to the EV editor and is not prepended globally
  ---
  duration_ms: 9.121248
  type: 'test'
  ...
# Subtest: room and action icon previews are the picker buttons and palette buttons are hidden
ok 25 - room and action icon previews are the picker buttons and palette buttons are hidden
  ---
  duration_ms: 1.408537
  type: 'test'
  ...
# Subtest: action and car pickers always contain visible local artwork
ok 26 - action and car pickers always contain visible local artwork
  ---
  duration_ms: 2.286622
  type: 'test'
  ...
# Subtest: section rename is inline with navbar order and updates editor tab labels
ok 27 - section rename is inline with navbar order and updates editor tab labels
  ---
  duration_ms: 1.22858
  type: 'test'
  ...
# Subtest: climate cards are capped on mobile and server rows expose their configured values
ok 28 - climate cards are capped on mobile and server rows expose their configured values
  ---
  duration_ms: 1.490511
  type: 'test'
  ...
# Subtest: energy history retries compatible Recorder payload and can fall back to legacy chart
ok 29 - energy history retries compatible Recorder payload and can fall back to legacy chart
  ---
  duration_ms: 3.390979
  type: 'test'
  ...
# Subtest: beta4 polish is loaded last so it can repair legacy editor markup
ok 30 - beta4 polish is loaded last so it can repair legacy editor markup
  ---
  duration_ms: 9.631183
  type: 'test'
  ...
# Subtest: section rename button is moved out of the label and config icons have dedicated nodes
ok 31 - section rename button is moved out of the label and config icons have dedicated nodes
  ---
  duration_ms: 1.628589
  type: 'test'
  ...
# Subtest: room first insert uses its icon as the picker trigger and removes palette semantics
ok 32 - room first insert uses its icon as the picker trigger and removes palette semantics
  ---
  duration_ms: 2.89444
  type: 'test'
  ...
# Subtest: alerts keep custom controls hidden for predefined groups and stack entity controls
ok 33 - alerts keep custom controls hidden for predefined groups and stack entity controls
  ---
  duration_ms: 1.348114
  type: 'test'
  ...
# Subtest: daily Energy chart restores the Casa and Fotovoltaico legacy path with all arguments
ok 34 - daily Energy chart restores the Casa and Fotovoltaico legacy path with all arguments
  ---
  duration_ms: 6.876104
  type: 'test'
  ...
# Subtest: climate cards are truly natural-height on mobile and brand marks are readable locally
ok 35 - climate cards are truly natural-height on mobile and brand marks are readable locally
  ---
  duration_ms: 1.171713
  type: 'test'
  ...
# Subtest: dashboard.html: external bootstrap removes the spinner and has a bounded failure state
ok 36 - dashboard.html: external bootstrap removes the spinner and has a bounded failure state
  ---
  duration_ms: 3.451653
  type: 'test'
  ...
# Subtest: dashboard-en.html: external bootstrap removes the spinner and has a bounded failure state
ok 37 - dashboard-en.html: external bootstrap removes the spinner and has a bounded failure state
  ---
  duration_ms: 1.799539
  type: 'test'
  ...
# Subtest: HACS root brand and installed local brand stay complete and byte-identical
ok 38 - HACS root brand and installed local brand stay complete and byte-identical
  ---
  duration_ms: 13.12845
  type: 'test'
  ...
# Subtest: build info is generated from HEAD and exposes one canonical release version
ok 39 - build info is generated from HEAD and exposes one canonical release version
  ---
  duration_ms: 94.1196
  type: 'test'
  ...
# Subtest: build generation rejects a different expected commit
ok 40 - build generation rejects a different expected commit
  ---
  duration_ms: 65.460137
  type: 'test'
  ...
# Subtest: live state changes cannot restart migration or retry loops
ok 41 - live state changes cannot restart migration or retry loops
  ---
  duration_ms: 1.493927
  type: 'test'
  ...
# Subtest: each expensive live section filters the changed entity first
ok 42 - each expensive live section filters the changed entity first
  ---
  duration_ms: 0.334135
  type: 'test'
  ...
# Subtest: Home Assistant energy balance has a single canonical owner
ok 43 - Home Assistant energy balance has a single canonical owner
  ---
  duration_ms: 0.241051
  type: 'test'
  ...
# Subtest: monthly Report helpers stay separate from lifetime history
ok 44 - monthly Report helpers stay separate from lifetime history
  ---
  duration_ms: 0.420187
  type: 'test'
  ...
# Subtest: obsolete shutter skin module is physically absent
ok 45 - obsolete shutter skin module is physically absent
  ---
  duration_ms: 8.82343
  type: 'test'
  ...
# Subtest: appliance daily total never adds a lifetime meter state directly
ok 46 - appliance daily total never adds a lifetime meter state directly
  ---
  duration_ms: 2.048736
  type: 'test'
  ...
# Subtest: explicit daily appliance sensor wins over a configured lifetime total
ok 47 - explicit daily appliance sensor wins over a configured lifetime total
  ---
  duration_ms: 0.281787
  type: 'test'
  ...
# Subtest: live hourly Recorder requests use five-minute short statistics
ok 48 - live hourly Recorder requests use five-minute short statistics
  ---
  duration_ms: 0.184676
  type: 'test'
  ...
# Subtest: it: appliance tabs use stable configured room ids
ok 49 - it: appliance tabs use stable configured room ids
  ---
  duration_ms: 3.045422
  type: 'test'
  ...
# Subtest: it: appliance toggle is emitted only for controllable entities
ok 50 - it: appliance toggle is emitted only for controllable entities
  ---
  duration_ms: 0.846645
  type: 'test'
  ...
# Subtest: it: appliance state uses real power units and binary state
ok 51 - it: appliance state uses real power units and binary state
  ---
  duration_ms: 2.237148
  type: 'test'
  ...
# Subtest: it: canonical control_entity drives the live appliance state
ok 52 - it: canonical control_entity drives the live appliance state
  ---
  duration_ms: 0.495808
  type: 'test'
  ...
# Subtest: it: camera CRUD preserves distinct cards and survives serialization
ok 53 - it: camera CRUD preserves distinct cards and survives serialization
  ---
  duration_ms: 0.789187
  type: 'test'
  ...
# Subtest: en: appliance tabs use stable configured room ids
ok 54 - en: appliance tabs use stable configured room ids
  ---
  duration_ms: 0.262602
  type: 'test'
  ...
# Subtest: en: appliance toggle is emitted only for controllable entities
ok 55 - en: appliance toggle is emitted only for controllable entities
  ---
  duration_ms: 0.254637
  type: 'test'
  ...
# Subtest: en: appliance state uses real power units and binary state
ok 56 - en: appliance state uses real power units and binary state
  ---
  duration_ms: 0.593401
  type: 'test'
  ...
# Subtest: en: canonical control_entity drives the live appliance state
ok 57 - en: canonical control_entity drives the live appliance state
  ---
  duration_ms: 0.843199
  type: 'test'
  ...
# Subtest: en: camera CRUD preserves distinct cards and survives serialization
ok 58 - en: camera CRUD preserves distinct cards and survives serialization
  ---
  duration_ms: 0.729196
  type: 'test'
  ...
# [DashboardStore] migration [
#   'schema 0 → 1',
#   'schema 1 → 2',
#   'schema 2 → 3',
#   'schema 3 → 4',
#   'energy annual/lifetime semantics migrated'
# ]
# [DashboardStore] migration [
#   'schema 0 → 1',
#   'schema 1 → 2',
#   'schema 2 → 3',
#   'schema 3 → 4',
#   'energy annual/lifetime semantics migrated'
# ]
# [DashboardStore] migration [
#   'schema 0 → 1',
#   'schema 1 → 2',
#   'schema 2 → 3',
#   'schema 3 → 4',
#   'energy annual/lifetime semantics migrated'
# ]
# [DashboardStore] migration [
#   'schema 0 → 1',
#   'schema 1 → 2',
#   'schema 2 → 3',
#   'schema 3 → 4',
#   'energy annual/lifetime semantics migrated'
# ]
# [DashboardStore] migration [
#   'schema 0 → 1',
#   'schema 1 → 2',
#   'schema 2 → 3',
#   'schema 3 → 4',
#   'energy annual/lifetime semantics migrated'
# ]
# [DashboardStore] add cameras failed; rolled back Error: offline
#     at DashboardStore.sync [as syncAdapter] (file:///home/runner/work/dashboardmodern-v2/dashboardmodern-v2/custom_components/dashboardmodern/frontend/tests/dashboard-store.test.js:215:13)
#     at DashboardStore.transact (file:///home/runner/work/dashboardmodern-v2/dashboardmodern-v2/custom_components/dashboardmodern/frontend/src/core/dashboard-store.js:201:18)
#     at DashboardStore.addItem (file:///home/runner/work/dashboardmodern-v2/dashboardmodern-v2/custom_components/dashboardmodern/frontend/src/core/dashboard-store.js:234:17)
#     at TestContext.<anonymous> (file:///home/runner/work/dashboardmodern-v2/dashboardmodern-v2/custom_components/dashboardmodern/frontend/tests/dashboard-store.test.js:221:11)
#     at Test.runInAsyncScope (node:async_hooks:214:14)
#     at Test.run (node:internal/test_runner/test:1047:25)
#     at Test.processPendingSubtests (node:internal/test_runner/test:744:18)
#     at Test.postRun (node:internal/test_runner/test:1173:19)
#     at Test.run (node:internal/test_runner/test:1101:12)
#     at async Test.processPendingSubtests (node:internal/test_runner/test:744:7)
# [DashboardStore] migration [
#   'schema 0 → 1',
#   'schema 1 → 2',
#   'schema 2 → 3',
#   'schema 3 → 4',
#   'energy annual/lifetime semantics migrated'
# ]
# [DashboardStore] migration [
#   'schema 0 → 1',
#   'schema 1 → 2',
#   'schema 2 → 3',
#   'schema 3 → 4',
#   'energy annual/lifetime semantics migrated'
# ]
# Subtest: visibility recognizes configured pool and irrigation entities without devices
ok 59 - visibility recognizes configured pool and irrigation entities without devices
  ---
  duration_ms: 1.360568
  type: 'test'
  ...
# Subtest: Temperature visibility requires a real room sensor instead of only a room name
ok 60 - Temperature visibility requires a real room sensor instead of only a room name
  ---
  duration_ms: 0.237875
  type: 'test'
  ...
# Subtest: saving the first canonical Temperature makes the public temp section visible
ok 61 - saving the first canonical Temperature makes the public temp section visible
  ---
  duration_ms: 4.040294
  type: 'test'
  ...
# Subtest: room updates preserve canonical metadata and only clear Temperature configuration
ok 62 - room updates preserve canonical metadata and only clear Temperature configuration
  ---
  duration_ms: 2.297493
  type: 'test'
  ...
# Subtest: cover legacy room references resolve stable room ids
ok 63 - cover legacy room references resolve stable room ids
  ---
  duration_ms: 4.35806
  type: 'test'
  ...
# Subtest: canonical display names never concatenate category/type
ok 64 - canonical display names never concatenate category/type
  ---
  duration_ms: 0.590385
  type: 'test'
  ...
# Subtest: canonical visual priority is image, legacy image, mdi icon, type, fallback
ok 65 - canonical visual priority is image, legacy image, mdi icon, type, fallback
  ---
  duration_ms: 0.553817
  type: 'test'
  ...
# Subtest: legacy migration is idempotent, retains data, creates room_id and explicit appliance fields
ok 66 - legacy migration is idempotent, retains data, creates room_id and explicit appliance fields
  ---
  duration_ms: 0.962753
  type: 'test'
  ...
# Subtest: reactive CRUD persists, syncs, preserves ids and emits targeted updates
ok 67 - reactive CRUD persists, syncs, preserves ids and emits targeted updates
  ---
  duration_ms: 2.267987
  type: 'test'
  ...
# Subtest: optimistic listeners render before a delayed backend sync resolves
ok 68 - optimistic listeners render before a delayed backend sync resolves
  ---
  duration_ms: 1.303941
  type: 'test'
  ...
# Subtest: failed backend sync rolls model and persistence back without emitting stale DOM event
ok 69 - failed backend sync rolls model and persistence back without emitting stale DOM event
  ---
  duration_ms: 3.663609
  type: 'test'
  ...
# Subtest: room ids are deterministic and collisions have deterministic suffixes
ok 70 - room ids are deterministic and collisions have deterministic suffixes
  ---
  duration_ms: 0.340196
  type: 'test'
  ...
# Subtest: energy migration retains an object schema instead of coercing it to devices
ok 71 - energy migration retains an object schema instead of coercing it to devices
  ---
  duration_ms: 0.14429
  type: 'test'
  ...
# Subtest: cloneValue works when structuredClone is unavailable
ok 72 - cloneValue works when structuredClone is unavailable
  ---
  duration_ms: 0.157976
  type: 'test'
  ...
# Subtest: energy report keeps name, category, room and metrics separate
ok 73 - energy report keeps name, category, room and metrics separate
  ---
  duration_ms: 0.330869
  type: 'test'
  ...
# Subtest: one successful operation produces exactly one coordinated render
ok 74 - one successful operation produces exactly one coordinated render
  ---
  duration_ms: 0.879026
  type: 'test'
  ...
# [DashboardStore] migration [
#   'schema 0 → 1',
#   'schema 1 → 2',
#   'schema 2 → 3',
#   'schema 3 → 4',
#   'energy annual/lifetime semantics migrated'
# ]
# [DashboardStore] migration [
#   'schema 0 → 1',
#   'schema 1 → 2',
#   'schema 2 → 3',
#   'schema 3 → 4',
#   'energy annual/lifetime semantics migrated'
# ]
# [DashboardStore] remove cameras failed; rolled back Error: backend unavailable
#     at DashboardStore.sync [as syncAdapter] (file:///home/runner/work/dashboardmodern-v2/dashboardmodern-v2/custom_components/dashboardmodern/frontend/tests/dashboard-store.test.js:339:23)
#     at DashboardStore.transact (file:///home/runner/work/dashboardmodern-v2/dashboardmodern-v2/custom_components/dashboardmodern/frontend/src/core/dashboard-store.js:201:18)
#     at DashboardStore.removeItem (file:///home/runner/work/dashboardmodern-v2/dashboardmodern-v2/custom_components/dashboardmodern/frontend/src/core/dashboard-store.js:252:17)
#     at TestContext.<anonymous> (file:///home/runner/work/dashboardmodern-v2/dashboardmodern-v2/custom_components/dashboardmodern/frontend/tests/dashboard-store.test.js:358:30)
#     at async Test.run (node:internal/test_runner/test:1054:7)
#     at async Test.processPendingSubtests (node:internal/test_runner/test:744:7)
# [DashboardStore] migration [
#   'schema 0 → 1',
#   'schema 1 → 2',
#   'schema 2 → 3',
#   'schema 3 → 4',
#   'energy annual/lifetime semantics migrated'
# ]
# [DashboardStore] migration [ 'schema 3 → 4', 'energy annual/lifetime semantics migrated' ]
# [DashboardStore] migration [
#   'schema 0 → 1',
#   'schema 1 → 2',
#   'schema 2 → 3',
#   'schema 3 → 4',
#   'energy annual/lifetime semantics migrated'
# ]
# [DashboardStore] migration [ 'energy annual/lifetime semantics migrated' ]
# [DashboardStore] migration [
#   'schema 0 → 1',
#   'schema 1 → 2',
#   'schema 2 → 3',
#   'schema 3 → 4',
#   'energy annual/lifetime semantics migrated'
# ]
# [DashboardStore] migration [
#   'schema 0 → 1',
#   'schema 1 → 2',
#   'schema 2 → 3',
#   'schema 3 → 4',
#   'energy annual/lifetime semantics migrated'
# ]
# [DashboardStore] migration [
#   'schema 0 → 1',
#   'schema 1 → 2',
#   'schema 2 → 3',
#   'schema 3 → 4',
#   'energy annual/lifetime semantics migrated'
# ]
# Subtest: legacy writes are reconciled back into the canonical runtime state
ok 75 - legacy writes are reconciled back into the canonical runtime state
  ---
  duration_ms: 16.601553
  type: 'test'
  ...
# Subtest: legacy Rooms editor may delete the final room
ok 76 - legacy Rooms editor may delete the final room
  ---
  duration_ms: 1.798888
  type: 'test'
  ...
# Subtest: add, update, delete and rollback rerender the active editor exactly once
ok 77 - add, update, delete and rollback rerender the active editor exactly once
  ---
  duration_ms: 3.283347
  type: 'test'
  ...
# Subtest: all CRUD editor sections are registered with the reactive coordinator
ok 78 - all CRUD editor sections are registered with the reactive coordinator
  ---
  duration_ms: 7.146079
  type: 'test'
  ...
# Subtest: real schema 3 migration imports washer, preserves its visual and legacy loads
ok 79 - real schema 3 migration imports washer, preserves its visual and legacy loads
  ---
  duration_ms: 1.814877
  type: 'test'
  ...
# Subtest: real EV slot mappings make EV visible in the same transaction
ok 80 - real EV slot mappings make EV visible in the same transaction
  ---
  duration_ms: 0.664655
  type: 'test'
  ...
# Subtest: real editor slots reveal EV, Energy, MiniPC, Solar and Security
ok 81 - real editor slots reveal EV, Energy, MiniPC, Solar and Security
  ---
  duration_ms: 1.788118
  type: 'test'
  ...
# Subtest: legacy-only washer reaches schema 4 once with preserved id, entities and asset
ok 82 - legacy-only washer reaches schema 4 once with preserved id, entities and asset
  ---
  duration_ms: 1.280999
  type: 'test'
  ...
# Subtest: Energy is canonical and deterministically projects public runtime slots
ok 83 - Energy is canonical and deterministically projects public runtime slots
  ---
  duration_ms: 0.870039
  type: 'test'
  ...
# Subtest: canonical public Report honors inclusion, presentation, entity and report order
ok 84 - canonical public Report honors inclusion, presentation, entity and report order
  ---
  duration_ms: 2.137813
  type: 'test'
  ...
# Subtest: legacy emoji and room names survive load migration without becoming device types
ok 85 - legacy emoji and room names survive load migration without becoming device types
  ---
  duration_ms: 0.483164
  type: 'test'
  ...
# Subtest: canonical snapshot transfers loads and Report settings atomically between devices
ok 86 - canonical snapshot transfers loads and Report settings atomically between devices
  ---
  duration_ms: 4.377486
  type: 'test'
  ...
# Subtest: Report edits preserve a normal load's explicit dashboard visibility
ok 87 - Report edits preserve a normal load's explicit dashboard visibility
  ---
  duration_ms: 1.511309
  type: 'test'
  ...
# Subtest: every Energy editor field has one deterministic public slot
ok 88 - every Energy editor field has one deterministic public slot
  ---
  duration_ms: 0.523099
  type: 'test'
  ...
# Subtest: annual Energy is projected while unconsumed lifetime fields stay out of runtime
ok 89 - annual Energy is projected while unconsumed lifetime fields stay out of runtime
  ---
  duration_ms: 0.28311
  type: 'test'
  ...
# Subtest: Energy slot ownership is derived from the canonical projection without typos
ok 90 - Energy slot ownership is derived from the canonical projection without typos
  ---
  duration_ms: 0.273182
  type: 'test'
  ...
# Subtest: Temperature room migration preserves legacy entity ids and display metadata
ok 91 - Temperature room migration preserves legacy entity ids and display metadata
  ---
  duration_ms: 0.215323
  type: 'test'
  ...
# Subtest: Temperature migration accepts descriptive legacy entity field names
ok 92 - Temperature migration accepts descriptive legacy entity field names
  ---
  duration_ms: 0.171321
  type: 'test'
  ...
# Subtest: Energy guidance is explicitly gated by the active editor tab
ok 93 - Energy guidance is explicitly gated by the active editor tab
  ---
  duration_ms: 6.721274
  type: 'test'
  ...
# Subtest: editor contracts are event-driven and never observe the whole dashboard DOM
ok 94 - editor contracts are event-driven and never observe the whole dashboard DOM
  ---
  duration_ms: 3.415394
  type: 'test'
  ...
# [DashboardStore] migration [
#   'schema 0 → 1',
#   'schema 1 → 2',
#   'schema 2 → 3',
#   'schema 3 → 4',
#   'energy annual/lifetime semantics migrated'
# ]
# [DashboardStore] migration [
#   'schema 0 → 1',
#   'schema 1 → 2',
#   'schema 2 → 3',
#   'schema 3 → 4',
#   'energy annual/lifetime semantics migrated'
# ]
# Subtest: real editor tab ids resolve to canonical ownership
ok 95 - real editor tab ids resolve to canonical ownership
  ---
  duration_ms: 31.136162
  type: 'test'
  ...
# [DashboardStore] migration [
#   'schema 0 → 1',
#   'schema 1 → 2',
#   'schema 2 → 3',
#   'schema 3 → 4',
#   'energy annual/lifetime semantics migrated'
# ]
# Subtest: Temperature is registry-owned and uses the canonical room store
ok 96 - Temperature is registry-owned and uses the canonical room store
  ---
  duration_ms: 91.826688
  type: 'test'
  ...
# Subtest: registry dispatch performs exactly one render and one mount
ok 97 - registry dispatch performs exactly one render and one mount
  ---
  duration_ms: 7.349918
  type: 'test'
  ...
# Subtest: runtime tab is in each modal template and diagnostics expose distinct provenance
ok 98 - runtime tab is in each modal template and diagnostics expose distinct provenance
  ---
  duration_ms: 17.685572
  type: 'test'
  ...
# Subtest: Energy is registry-owned and edFilterSez no longer mounts Energy
ok 99 - Energy is registry-owned and edFilterSez no longer mounts Energy
  ---
  duration_ms: 19.140356
  type: 'test'
  ...
# Subtest: Report DOM has a save lifecycle, canonical pickers and differs from Loads
ok 100 - Report DOM has a save lifecycle, canonical pickers and differs from Loads
  ---
  duration_ms: 13.354112
  type: 'test'
  ...
# Subtest: Energy coordinator never calls the legacy section renderer for Energy, Loads or Report
ok 101 - Energy coordinator never calls the legacy section renderer for Energy, Loads or Report
  ---
  duration_ms: 1.785323
  type: 'test'
  ...
# Subtest: public report and multi-device sync consume canonical state only
ok 102 - public report and multi-device sync consume canonical state only
  ---
  duration_ms: 25.518848
  type: 'test'
  ...
# Subtest: Chart.js guard accepts both an absent library and its minimal defaults contract
ok 103 - Chart.js guard accepts both an absent library and its minimal defaults contract
  ---
  duration_ms: 17.114924
  type: 'test'
  ...
# Subtest: custom device cards use devs emptiness and never reference the Temperature visible list
ok 104 - custom device cards use devs emptiness and never reference the Temperature visible list
  ---
  duration_ms: 20.49384
  type: 'test'
  ...
# Subtest: both legacy variants expose readiness only after the public editor API and DOM
ok 105 - both legacy variants expose readiness only after the public editor API and DOM
  ---
  duration_ms: 18.993401
  type: 'test'
  ...
# Subtest: canonical module hydrates the public runtime once after legacy readiness
ok 106 - canonical module hydrates the public runtime once after legacy readiness
  ---
  duration_ms: 1.335794
  type: 'test'
  ...
# Subtest: Energy flow uses one draft transaction and exposes a save lifecycle
ok 107 - Energy flow uses one draft transaction and exposes a save lifecycle
  ---
  duration_ms: 0.887912
  type: 'test'
  ...
# Subtest: Loads excludes manual Report entries and category controls
ok 108 - Loads excludes manual Report entries and category controls
  ---
  duration_ms: 0.996726
  type: 'test'
  ...
# Subtest: manual Report rows use the shared renderer and mount every dynamic control
ok 109 - manual Report rows use the shared renderer and mount every dynamic control
  ---
  duration_ms: 1.462809
  type: 'test'
  ...
# Subtest: appliance Edit uses the same blue SVG owner and catalog as the original Add picker
ok 110 - appliance Edit uses the same blue SVG owner and catalog as the original Add picker
  ---
  duration_ms: 6.504408
  type: 'test'
  ...
# Subtest: built-in action editor derives a default icon but persists a custom choice
ok 111 - built-in action editor derives a default icon but persists a custom choice
  ---
  duration_ms: 1.592031
  type: 'test'
  ...
# Subtest: room and alert editors expose the same visual preview used by their section semantics
ok 112 - room and alert editors expose the same visual preview used by their section semantics
  ---
  duration_ms: 2.387029
  type: 'test'
  ...
# Subtest: atomic bundle loads day, month, year and device periods together
ok 113 - atomic bundle loads day, month, year and device periods together
  ---
  duration_ms: 1.987741
  type: 'test'
  ...
# Subtest: an incomplete period rejects the whole atomic bundle
ok 114 - an incomplete period rejects the whole atomic bundle
  ---
  duration_ms: 0.766836
  type: 'test'
  ...
# Subtest: a newer load invalidates an older in-flight result
ok 115 - a newer load invalidates an older in-flight result
  ---
  duration_ms: 1.326694
  type: 'test'
  ...
# Subtest: period delta supports cumulative meters and resets
ok 116 - period delta supports cumulative meters and resets
  ---
  duration_ms: 0.91305
  type: 'test'
  ...
# Subtest: energy totals never become negative or NaN
ok 117 - energy totals never become negative or NaN
  ---
  duration_ms: 0.172382
  type: 'test'
  ...
# Subtest: energy balance derives home consumption and self-consumption
ok 118 - energy balance derives home consumption and self-consumption
  ---
  duration_ms: 0.810397
  type: 'test'
  ...
# Subtest: energy cost separates import cost, export credit and net cost
ok 119 - energy cost separates import cost, export credit and net cost
  ---
  duration_ms: 0.202789
  type: 'test'
  ...
# Subtest: real August Home Assistant flows produce the same Casa value
ok 120 - real August Home Assistant flows produce the same Casa value
  ---
  duration_ms: 1.091403
  type: 'test'
  ...
# Subtest: Casa direct meter remains fallback when the electrical boundary is incomplete
ok 121 - Casa direct meter remains fallback when the electrical boundary is incomplete
  ---
  duration_ms: 0.995164
  type: 'test'
  ...
# Subtest: batteryless installations can derive Casa from Solar and both Grid directions
ok 122 - batteryless installations can derive Casa from Solar and both Grid directions
  ---
  duration_ms: 0.238216
  type: 'test'
  ...
# Subtest: Monthly and Report canonical bundle share the HA-style Casa balance
ok 123 - Monthly and Report canonical bundle share the HA-style Casa balance
  ---
  duration_ms: 0.510846
  type: 'test'
  ...
# Subtest: fresh canonical Energy bundle suppresses the delayed legacy totals refresh
ok 124 - fresh canonical Energy bundle suppresses the delayed legacy totals refresh
  ---
  duration_ms: 1.695033
  type: 'test'
  ...
# Subtest: Energy real DOM opens Flussi by default, switches settings and reuses the shared picker
ok 125 - Energy real DOM opens Flussi by default, switches settings and reuses the shared picker
  ---
  duration_ms: 6.145476
  type: 'test'
  ...
# Subtest: empty Energy fields have no fixed Value placeholder and pickers survive 20 rerenders
ok 126 - empty Energy fields have no fixed Value placeholder and pickers survive 20 rerenders
  ---
  duration_ms: 27.79905
  type: 'test'
  ...
# Subtest: English Energy renderer localizes fields, picker labels and action states
ok 127 - English Energy renderer localizes fields, picker labels and action states
  ---
  duration_ms: 0.792945
  type: 'test'
  ...
# Subtest: editor navbar exposes Loads only inside Energy and has no standalone washer
ok 128 - editor navbar exposes Loads only inside Energy and has no standalone washer
  ---
  duration_ms: 22.197169
  type: 'test'
  ...
# Subtest: legacy washer mappings migrate into the canonical appliance list
ok 129 - legacy washer mappings migrate into the canonical appliance list
  ---
  duration_ms: 1.457269
  type: 'test'
  ...
# Subtest: legacy secondary loads and manual report rows migrate once without duplicates
ok 130 - legacy secondary loads and manual report rows migrate once without duplicates
  ---
  duration_ms: 0.850773
  type: 'test'
  ...
# Subtest: load popup metrics include available values and omit missing rows
ok 131 - load popup metrics include available values and omit missing rows
  ---
  duration_ms: 0.48585
  type: 'test'
  ...
# Subtest: editor source has one entity picker class and mobile rows cannot require horizontal overflow
ok 132 - editor source has one entity picker class and mobile rows cannot require horizontal overflow
  ---
  duration_ms: 4.415652
  type: 'test'
  ...
# Subtest: clearing annual house energy survives reload after semantics v3
ok 133 - clearing annual house energy survives reload after semantics v3
  ---
  duration_ms: 1.23379
  type: 'test'
  ...
# Subtest: clearing annual solar energy is not repopulated from the lifetime counter
ok 134 - clearing annual solar energy is not repopulated from the lifetime counter
  ---
  duration_ms: 0.287499
  type: 'test'
  ...
# Subtest: pre-v3 data still receives the one-time annual/lifetime compatibility alias
ok 135 - pre-v3 data still receives the one-time annual/lifetime compatibility alias
  ---
  duration_ms: 0.400339
  type: 'test'
  ...
# Subtest: first Energy refresh initializes the legacy January select to the current month
ok 136 - first Energy refresh initializes the legacy January select to the current month
  ---
  duration_ms: 2.200921
  type: 'test'
  ...
# Subtest: an already initialized user period is never overwritten
ok 137 - an already initialized user period is never overwritten
  ---
  duration_ms: 0.348192
  type: 'test'
  ...
# Subtest: short appliance history prefers power over lifetime energy
ok 138 - short appliance history prefers power over lifetime energy
  ---
  duration_ms: 0.519283
  type: 'test'
  ...
# Subtest: short appliance history falls back to lifetime energy only without power or state
ok 139 - short appliance history falls back to lifetime energy only without power or state
  ---
  duration_ms: 0.415849
  type: 'test'
  ...
# Subtest: Home Assistant compressed WebSocket history is normalized for the popup
ok 140 - Home Assistant compressed WebSocket history is normalized for the popup
  ---
  duration_ms: 1.482646
  type: 'test'
  ...
# Subtest: full REST-style history rows remain supported for standalone compatibility
ok 141 - full REST-style history rows remain supported for standalone compatibility
  ---
  duration_ms: 0.336179
  type: 'test'
  ...
# Subtest: infers a current-period report entity without pretending it is lifetime history
ok 142 - infers a current-period report entity without pretending it is lifetime history
  ---
  duration_ms: 4.400579
  type: 'test'
  ...
# Subtest: prefers an explicit monthly report entity when no cumulative meter is configured
ok 143 - prefers an explicit monthly report entity when no cumulative meter is configured
  ---
  duration_ms: 0.412302
  type: 'test'
  ...
# Subtest: monthly Microonde measurement stays current-period only even if legacy history points to it
ok 144 - monthly Microonde measurement stays current-period only even if legacy history points to it
  ---
  duration_ms: 0.474839
  type: 'test'
  ...
# Subtest: prefers a cumulative total meter so Report can calculate months and years
ok 145 - prefers a cumulative total meter so Report can calculate months and years
  ---
  duration_ms: 0.541654
  type: 'test'
  ...
# Subtest: projects a cumulative grid meter only to its lifetime slot and preserves explicit periods
ok 146 - projects a cumulative grid meter only to its lifetime slot and preserves explicit periods
  ---
  duration_ms: 0.75837
  type: 'test'
  ...
# Subtest: uses entity naming as fallback when HA state metadata is not loaded
ok 147 - uses entity naming as fallback when HA state metadata is not loaded
  ---
  duration_ms: 0.308307
  type: 'test'
  ...
# Subtest: does not expose a power-only appliance as an energy report item
ok 148 - does not expose a power-only appliance as an energy report item
  ---
  duration_ms: 0.528991
  type: 'test'
  ...
# Subtest: Forno in Salone selects kWh and never W for the canonical Report
ok 149 - Forno in Salone selects kWh and never W for the canonical Report
  ---
  duration_ms: 0.431638
  type: 'test'
  ...
# Subtest: show_in_report defaults to enabled for migrated appliances
ok 150 - show_in_report defaults to enabled for migrated appliances
  ---
  duration_ms: 0.739986
  type: 'test'
  ...
# Subtest: accepts the persisted appliance entity shape ["sensor.forno_energy"]
ok 151 - accepts the persisted appliance entity shape ["sensor.forno_energy"]
  ---
  duration_ms: 0.665566
  type: 'test'
  ...
# Subtest: accepts the persisted appliance entity shape [{"entity":"sensor.forno_energy","type":"energy","label":"Forno"}]
ok 152 - accepts the persisted appliance entity shape [{"entity":"sensor.forno_energy","type":"energy","label":"Forno"}]
  ---
  duration_ms: 0.299801
  type: 'test'
  ...
# Subtest: accepts the persisted appliance entity shape [{"entity_id":"sensor.forno_energy"}]
ok 153 - accepts the persisted appliance entity shape [{"entity_id":"sensor.forno_energy"}]
  ---
  duration_ms: 0.14963
  type: 'test'
  ...
# Subtest: deduplicates the same energy sensor projected by appliances and legacy loads
ok 154 - deduplicates the same energy sensor projected by appliances and legacy loads
  ---
  duration_ms: 0.511017
  type: 'test'
  ...
# Subtest: data contracts identify generated ghost room labels
ok 155 - data contracts identify generated ghost room labels
  ---
  duration_ms: 0.259816
  type: 'test'
  ...
# Subtest: appliance entity inference distinguishes energy from power
ok 156 - appliance entity inference distinguishes energy from power
  ---
  duration_ms: 0.689902
  type: 'test'
  ...
# Subtest: normalizes the common /loca typo without creating a new asset path
ok 157 - normalizes the common /loca typo without creating a new asset path
  ---
  duration_ms: 0.467636
  type: 'test'
  ...
# Subtest: view model exposes monthly and annual financial metrics
ok 158 - view model exposes monthly and annual financial metrics
  ---
  duration_ms: 1.858821
  type: 'test'
  ...
# Subtest: device split follows the selected period grid share
ok 159 - device split follows the selected period grid share
  ---
  duration_ms: 0.380753
  type: 'test'
  ...
# Subtest: device split is safe with missing house consumption
ok 160 - device split is safe with missing house consumption
  ---
  duration_ms: 1.059113
  type: 'test'
  ...
# Subtest: HACS root and integration brand expose the canonical square 256px icon
ok 161 - HACS root and integration brand expose the canonical square 256px icon
  ---
  duration_ms: 6.22267
  type: 'test'
  ...
# Subtest: dashboard.html: shipped HTML is a shell and external classic scripts compile
ok 162 - dashboard.html: shipped HTML is a shell and external classic scripts compile
  ---
  duration_ms: 9.823232
  type: 'test'
  ...
# Subtest: dashboard-en.html: shipped HTML is a shell and external classic scripts compile
ok 163 - dashboard-en.html: shipped HTML is a shell and external classic scripts compile
  ---
  duration_ms: 7.503249
  type: 'test'
  ...
# Subtest: hosted mode exposes only the placeholder and the injected non-native adapter
ok 164 - hosted mode exposes only the placeholder and the injected non-native adapter
  ---
  duration_ms: 5.507412
  type: 'test'
  ...
# Subtest: an explicit parent bridge is the only hosted transport
ok 165 - an explicit parent bridge is the only hosted transport
  ---
  duration_ms: 1.083128
  type: 'test'
  ...
# Subtest: the prelude never writes to shared localStorage
ok 166 - the prelude never writes to shared localStorage
  ---
  duration_ms: 1.667663
  type: 'test'
  ...
# Subtest: hosted namespaced state completes visibility before the legacy write bridge starts
ok 167 - hosted namespaced state completes visibility before the legacy write bridge starts
  ---
  duration_ms: 1.726633
  type: 'test'
  ...
# Subtest: host query markers enable hosted mode without a readable parent
ok 168 - host query markers enable hosted mode without a readable parent
  ---
  duration_ms: 1.177855
  type: 'test'
  ...
# Subtest: without a host the prelude is a no-op
ok 169 - without a host the prelude is a no-op
  ---
  duration_ms: 2.571494
  type: 'test'
  ...
# Subtest: the source contains no usable token handoff
ok 170 - the source contains no usable token handoff
  ---
  duration_ms: 0.354914
  type: 'test'
  ...
# [DashboardStore] migration [
#   'schema 0 → 1',
#   'schema 1 → 2',
#   'schema 2 → 3',
#   'schema 3 → 4',
#   'energy annual/lifetime semantics migrated'
# ]
# Subtest: dashboard.html: shipped renderer never uses OTHER and preserves appliance media
ok 171 - dashboard.html: shipped renderer never uses OTHER and preserves appliance media
  ---
  duration_ms: 2.880573
  type: 'test'
  ...
# Subtest: dashboard.html: shipped climate editor has one boiler value and room editor supports mdi
ok 172 - dashboard.html: shipped climate editor has one boiler value and room editor supports mdi
  ---
  duration_ms: 2.470856
  type: 'test'
  ...
# Subtest: dashboard.html: camera has canonical Save and appliance page has no editor CTA
ok 173 - dashboard.html: camera has canonical Save and appliance page has no editor CTA
  ---
  duration_ms: 2.586573
  type: 'test'
  ...
# Subtest: dashboard.html: adding an appliance reveals and synchronizes its section without reload
ok 174 - dashboard.html: adding an appliance reveals and synchronizes its section without reload
  ---
  duration_ms: 0.390571
  type: 'test'
  ...
# Subtest: dashboard.html: every entity editor keeps a searchable picker
ok 175 - dashboard.html: every entity editor keeps a searchable picker
  ---
  duration_ms: 1.365196
  type: 'test'
  ...
# Subtest: dashboard.html: actual appliance renderer creates and moves room tabs
ok 176 - dashboard.html: actual appliance renderer creates and moves room tabs
  ---
  duration_ms: 3.39197
  type: 'test'
  ...
# Subtest: dashboard.html: actual camera save function refreshes Security without reload
ok 177 - dashboard.html: actual camera save function refreshes Security without reload
  ---
  duration_ms: 2.143222
  type: 'test'
  ...
# Subtest: dashboard.html: actual appliance card exposes only a safe, isolated toggle
ok 178 - dashboard.html: actual appliance card exposes only a safe, isolated toggle
  ---
  duration_ms: 1.896611
  type: 'test'
  ...
# Subtest: dashboard.html: actual camera editor completes add, edit and delete
ok 179 - dashboard.html: actual camera editor completes add, edit and delete
  ---
  duration_ms: 2.400675
  type: 'test'
  ...
# Subtest: dashboard.html: removed legacy totals handler cannot produce competing period values
ok 180 - dashboard.html: removed legacy totals handler cannot produce competing period values
  ---
  duration_ms: 1.561183
  type: 'test'
  ...
# Subtest: dashboard-en.html: shipped renderer never uses OTHER and preserves appliance media
ok 181 - dashboard-en.html: shipped renderer never uses OTHER and preserves appliance media
  ---
  duration_ms: 0.463778
  type: 'test'
  ...
# Subtest: dashboard-en.html: shipped climate editor has one boiler value and room editor supports mdi
ok 182 - dashboard-en.html: shipped climate editor has one boiler value and room editor supports mdi
  ---
  duration_ms: 1.214605
  type: 'test'
  ...
# Subtest: dashboard-en.html: camera has canonical Save and appliance page has no editor CTA
ok 183 - dashboard-en.html: camera has canonical Save and appliance page has no editor CTA
  ---
  duration_ms: 1.401674
  type: 'test'
  ...
# Subtest: dashboard-en.html: adding an appliance reveals and synchronizes its section without reload
ok 184 - dashboard-en.html: adding an appliance reveals and synchronizes its section without reload
  ---
  duration_ms: 0.223559
  type: 'test'
  ...
# Subtest: dashboard-en.html: every entity editor keeps a searchable picker
ok 185 - dashboard-en.html: every entity editor keeps a searchable picker
  ---
  duration_ms: 0.771164
  type: 'test'
  ...
# Subtest: dashboard-en.html: actual appliance renderer creates and moves room tabs
ok 186 - dashboard-en.html: actual appliance renderer creates and moves room tabs
  ---
  duration_ms: 2.328119
  type: 'test'
  ...
# Subtest: dashboard-en.html: actual camera save function refreshes Security without reload
ok 187 - dashboard-en.html: actual camera save function refreshes Security without reload
  ---
  duration_ms: 1.167886
  type: 'test'
  ...
# Subtest: dashboard-en.html: actual appliance card exposes only a safe, isolated toggle
ok 188 - dashboard-en.html: actual appliance card exposes only a safe, isolated toggle
  ---
  duration_ms: 1.323298
  type: 'test'
  ...
# Subtest: dashboard-en.html: actual camera editor completes add, edit and delete
ok 189 - dashboard-en.html: actual camera editor completes add, edit and delete
  ---
  duration_ms: 1.932629
  type: 'test'
  ...
# Subtest: dashboard-en.html: removed legacy totals handler cannot produce competing period values
ok 190 - dashboard-en.html: removed legacy totals handler cannot produce competing period values
  ---
  duration_ms: 1.130276
  type: 'test'
  ...
# Subtest: stableStaticBase strips an obsolete asset digest
ok 191 - stableStaticBase strips an obsolete asset digest
  ---
  duration_ms: 0.979944
  type: 'test'
  ...
# Subtest: a 404 on an old digest retries the stable runtime mount
ok 192 - a 404 on an old digest retries the stable runtime mount
  ---
  duration_ms: 1.744847
  type: 'test'
  ...
# Subtest: the language variant follows the Home Assistant locale
ok 193 - the language variant follows the Home Assistant locale
  ---
  duration_ms: 1.514155
  type: 'test'
  ...
# Subtest: no credential is published to the hosted page
ok 194 - no credential is published to the hosted page
  ---
  duration_ms: 1.805069
  type: 'test'
  ...
# Subtest: the hosted page gets a shim instead of the real WebSocket
ok 195 - the hosted page gets a shim instead of the real WebSocket
  ---
  duration_ms: 0.408495
  type: 'test'
  ...
# Subtest: the shim is reinstalled when the hosted document reloads
ok 196 - the shim is reinstalled when the hosted document reloads
  ---
  duration_ms: 0.441717
  type: 'test'
  ...
# Subtest: mounting without an authenticated connection is refused
ok 197 - mounting without an authenticated connection is refused
  ---
  duration_ms: 0.677338
  type: 'test'
  ...
# Subtest: the frame records the versioned source and keeps playback permissions
ok 198 - the frame records the versioned source and keeps playback permissions
  ---
  duration_ms: 0.596206
  type: 'test'
  ...
# Subtest: a container with no height falls back to viewport units
ok 199 - a container with no height falls back to viewport units
  ---
  duration_ms: 0.869158
  type: 'test'
  ...
# Subtest: destroying the host removes the frame and the marker
ok 200 - destroying the host removes the frame and the marker
  ---
  duration_ms: 0.632314
  type: 'test'
  ...
# Subtest: the shim completes the handshake without authenticating
ok 201 - the shim completes the handshake without authenticating
  ---
  duration_ms: 15.675409
  type: 'test'
  ...
# Subtest: an auth message carrying a placeholder is discarded, not forwarded
ok 202 - an auth message carrying a placeholder is discarded, not forwarded
  ---
  duration_ms: 1.540364
  type: 'test'
  ...
# Subtest: permitted messages are forwarded and their replies returned
ok 203 - permitted messages are forwarded and their replies returned
  ---
  duration_ms: 2.142281
  type: 'test'
  ...
# Subtest: a message type outside the allowed set is refused and reported
ok 204 - a message type outside the allowed set is refused and reported
  ---
  duration_ms: 2.144958
  type: 'test'
  ...
# Subtest: the allowed set covers what the hosted dashboard actually sends
ok 205 - the allowed set covers what the hosted dashboard actually sends
  ---
  duration_ms: 0.187662
  type: 'test'
  ...
# Subtest: a backend failure is reported rather than swallowed
ok 206 - a backend failure is reported rather than swallowed
  ---
  duration_ms: 2.33025
  type: 'test'
  ...
# Subtest: events reach the hosted page and unsubscribe when the socket closes
ok 207 - events reach the hosted page and unsubscribe when the socket closes
  ---
  duration_ms: 2.065396
  type: 'test'
  ...
# Subtest: every legacy JavaScript file is reachable from a script actually loaded by the vendored HTML
ok 208 - every legacy JavaScript file is reachable from a script actually loaded by the vendored HTML
  ---
  duration_ms: 69.858843
  type: 'test'
  ...
# Subtest: configured lights use the same persisted registry as the editor and honor removals
ok 209 - configured lights use the same persisted registry as the editor and honor removals
  ---
  duration_ms: 3.471089
  type: 'test'
  ...
# Subtest: light alert state reacts immediately to the ingested Home Assistant state
ok 210 - light alert state reacts immediately to the ingested Home Assistant state
  ---
  duration_ms: 0.750285
  type: 'test'
  ...
# Subtest: live UI filters unrelated Home Assistant events
ok 211 - live UI filters unrelated Home Assistant events
  ---
  duration_ms: 0.874697
  type: 'test'
  ...
# Subtest: canonical live UI owns camera refresh without introducing another polling loop
ok 212 - canonical live UI owns camera refresh without introducing another polling loop
  ---
  duration_ms: 0.448289
  type: 'test'
  ...
# Subtest: Italian dashboard contains none of the audited English UI glossary
ok 213 - Italian dashboard contains none of the audited English UI glossary
  ---
  duration_ms: 18.432398
  type: 'test'
  ...
# Subtest: English dashboard contains none of the audited Italian UI glossary
ok 214 - English dashboard contains none of the audited Italian UI glossary
  ---
  duration_ms: 14.012946
  type: 'test'
  ...
# Subtest: dashboard.html remains a lightweight modular shell
ok 215 - dashboard.html remains a lightweight modular shell
  ---
  duration_ms: 2.641245
  type: 'test'
  ...
# Subtest: dashboard-en.html remains a lightweight modular shell
ok 216 - dashboard-en.html remains a lightweight modular shell
  ---
  duration_ms: 1.195268
  type: 'test'
  ...
# Subtest: temporary migration workflows and payloads are absent
ok 217 - temporary migration workflows and payloads are absent
  ---
  duration_ms: 0.486451
  type: 'test'
  ...
# [DashboardStore] migration [
#   'schema 0 → 1',
#   'schema 1 → 2',
#   'schema 2 → 3',
#   'schema 3 → 4',
#   'energy annual/lifetime semantics migrated'
# ]
# Subtest: the exact module shipped by the HTML loads and exposes the canonical model
ok 218 - the exact module shipped by the HTML loads and exposes the canonical model
  ---
  duration_ms: 34.594019
  type: 'test'
  ...
# Subtest: appliance names follow configured, friendly, entity and localized fallback priority
ok 219 - appliance names follow configured, friendly, entity and localized fallback priority
  ---
  duration_ms: 1.205136
  type: 'test'
  ...
# Subtest: appliance media retains the backwards-compatible priority
ok 220 - appliance media retains the backwards-compatible priority
  ---
  duration_ms: 1.511841
  type: 'test'
  ...
# Subtest: energy report is derived from appliances and normalizes power and energy
ok 221 - energy report is derived from appliances and normalizes power and energy
  ---
  duration_ms: 1.61837
  type: 'test'
  ...
# Subtest: stale monthly ids cannot block Recorder fallback from a working daily helper
ok 222 - stale monthly ids cannot block Recorder fallback from a working daily helper
  ---
  duration_ms: 3.420013
  type: 'test'
  ...
# Subtest: an existing annual cumulative helper is preferred as the virtual lifetime source
ok 223 - an existing annual cumulative helper is preferred as the virtual lifetime source
  ---
  duration_ms: 0.319067
  type: 'test'
  ...
# Subtest: a valid explicit monthly helper is preserved and remains authoritative
ok 224 - a valid explicit monthly helper is preserved and remains authoritative
  ---
  duration_ms: 0.361196
  type: 'test'
  ...
# Subtest: fresh plancia: everything except home hidden
ok 225 - fresh plancia: everything except home hidden
  ---
  duration_ms: 2.717838
  type: 'test'
  ...
# Subtest: post-reset (no cd_sections, stale leftovers): re-derives and hides
ok 226 - post-reset (no cd_sections, stale leftovers): re-derives and hides
  ---
  duration_ms: 0.80666
  type: 'test'
  ...
# Subtest: populated sections stay visible on first derivation
ok 227 - populated sections stay visible on first derivation
  ---
  duration_ms: 0.542987
  type: 'test'
  ...
# Subtest: v2 maps missing the newer keys get them filled, choices intact
ok 228 - v2 maps missing the newer keys get them filled, choices intact
  ---
  duration_ms: 0.300142
  type: 'test'
  ...
# Subtest: explicit user choices are never overridden
ok 229 - explicit user choices are never overridden
  ---
  duration_ms: 0.413565
  type: 'test'
  ...
# Subtest: the Italian locale selects the Italian dashboard
ok 230 - the Italian locale selects the Italian dashboard
  ---
  duration_ms: 1.429286
  type: 'test'
  ...
# Subtest: a non-Italian locale selects the English dashboard
ok 231 - a non-Italian locale selects the English dashboard
  ---
  duration_ms: 1.649519
  type: 'test'
  ...
# Subtest: with no vendored variants there is nothing to serve
ok 232 - with no vendored variants there is nothing to serve
  ---
  duration_ms: 0.239339
  type: 'test'
  ...
# Subtest: when the preferred variant is absent, the first available is used
ok 233 - when the preferred variant is absent, the first available is used
  ---
  duration_ms: 0.254115
  type: 'test'
  ...
# Subtest: live HA event gate filters against configured dashboard entities
ok 234 - live HA event gate filters against configured dashboard entities
  ---
  duration_ms: 1.386206
  type: 'test'
  ...
# Subtest: editor contracts do not observe or rescan the whole dashboard DOM
ok 235 - editor contracts do not observe or rescan the whole dashboard DOM
  ---
  duration_ms: 0.542706
  type: 'test'
  ...
# Subtest: data contracts never restart a retry chain for live state changes
ok 236 - data contracts never restart a retry chain for live state changes
  ---
  duration_ms: 0.275897
  type: 'test'
  ...
# Subtest: EV runtime is event-driven and ignores unrelated state changes
ok 237 - EV runtime is event-driven and ignores unrelated state changes
  ---
  duration_ms: 1.465714
  type: 'test'
  ...
# Subtest: Temperature cards ignore state changes outside configured room sensors
ok 238 - Temperature cards ignore state changes outside configured room sensors
  ---
  duration_ms: 0.324798
  type: 'test'
  ...
# Subtest: appliance cards only react to their configured entities
ok 239 - appliance cards only react to their configured entities
  ---
  duration_ms: 0.217427
  type: 'test'
  ...
# Subtest: shutter runtime is event-driven and has no permanent polling loop
ok 240 - shutter runtime is event-driven and has no permanent polling loop
  ---
  duration_ms: 0.391542
  type: 'test'
  ...
# Subtest: Energy Recorder refreshes are scoped and reconciliation has one owner
ok 241 - Energy Recorder refreshes are scoped and reconciliation has one owner
  ---
  duration_ms: 0.231743
  type: 'test'
  ...
# Subtest: apartment room catalog covers the common room families
ok 242 - apartment room catalog covers the common room families
  ---
  duration_ms: 3.542604
  type: 'test'
  ...
# Subtest: vehicle brand selector offers a broad local catalog
ok 243 - vehicle brand selector offers a broad local catalog
  ---
  duration_ms: 0.6061
  type: 'test'
  ...
# Subtest: every legacy appliance family has custom SVG artwork
ok 244 - every legacy appliance family has custom SVG artwork
  ---
  duration_ms: 2.385487
  type: 'test'
  ...
# Subtest: DashboardModern equals Home Assistant Energy for reset-aware Recorder sum growth
ok 245 - DashboardModern equals Home Assistant Energy for reset-aware Recorder sum growth
  ---
  duration_ms: 1.806168
  type: 'test'
  ...
# Subtest: daily chart buckets use the same Recorder sum growth as the period total
ok 246 - daily chart buckets use the same Recorder sum growth as the period total
  ---
  duration_ms: 0.403412
  type: 'test'
  ...
# Subtest: a missing sample at the initial boundary uses only the preceding baseline
ok 247 - a missing sample at the initial boundary uses only the preceding baseline
  ---
  duration_ms: 0.182391
  type: 'test'
  ...
# Subtest: an incomplete current month uses its latest Recorder sum
ok 248 - an incomplete current month uses its latest Recorder sum
  ---
  duration_ms: 0.164116
  type: 'test'
  ...
# Subtest: incompatible or unavailable rows never fall back to state or max
ok 249 - incompatible or unavailable rows never fall back to state or max
  ---
  duration_ms: 0.391189
  type: 'test'
  ...
# Subtest: period sensors keep the cumulative total as historical fallback
ok 250 - period sensors keep the cumulative total as historical fallback
  ---
  duration_ms: 1.06215
  type: 'test'
  ...
# Subtest: a total_increasing monthly helper is authoritative for the current month
ok 251 - a total_increasing monthly helper is authoritative for the current month
  ---
  duration_ms: 0.480436
  type: 'test'
  ...
# Subtest: a migrated annual alias that equals the lifetime total is derived with Recorder
ok 252 - a migrated annual alias that equals the lifetime total is derived with Recorder
  ---
  duration_ms: 0.467963
  type: 'test'
  ...
# Subtest: a cumulative period helper can still backfill an older month when no lifetime meter exists
ok 253 - a cumulative period helper can still backfill an older month when no lifetime meter exists
  ---
  duration_ms: 0.634403
  type: 'test'
  ...
# Subtest: live Home Assistant states emit refresh events but derived period states do not
ok 254 - live Home Assistant states emit refresh events but derived period states do not
  ---
  duration_ms: 0.819218
  type: 'test'
  ...
# Subtest: initial Home Assistant snapshot is silent while later subscription events remain live
ok 255 - initial Home Assistant snapshot is silent while later subscription events remain live
  ---
  duration_ms: 1.138271
  type: 'test'
  ...
# Subtest: the 1.0 beta release metadata is consistently versioned
ok 256 - the 1.0 beta release metadata is consistently versioned
  ---
  duration_ms: 10.686522
  type: 'test'
  ...
# Subtest: weekly Analysis uses authenticated Recorder statistics and the canonical Home balance
ok 257 - weekly Analysis uses authenticated Recorder statistics and the canonical Home balance
  ---
  duration_ms: 1.503874
  type: 'test'
  ...
# Subtest: canonical editor contracts cover Energy, appliance preview, Lights and Temperature polish
ok 258 - canonical editor contracts cover Energy, appliance preview, Lights and Temperature polish
  ---
  duration_ms: 1.614069
  type: 'test'
  ...
# Subtest: canonical appliance history still does not use the legacy REST token transport
ok 259 - canonical appliance history still does not use the legacy REST token transport
  ---
  duration_ms: 1.328597
  type: 'test'
  ...
# Subtest: Energy refresh still owns initial current-period synchronization
ok 260 - Energy refresh still owns initial current-period synchronization
  ---
  duration_ms: 1.579545
  type: 'test'
  ...
# Subtest: root and installed package brand assets remain valid
ok 261 - root and installed package brand assets remain valid
  ---
  duration_ms: 1.690882
  type: 'test'
  ...
# Subtest: the hosted bootstrap delegates once to the idempotent section runtime
ok 262 - the hosted bootstrap delegates once to the idempotent section runtime
  ---
  duration_ms: 3.172745
  type: 'test'
  ...
# Subtest: schema migration aliases legacy annual/lifetime values once and preserves later blanks
ok 263 - schema migration aliases legacy annual/lifetime values once and preserves later blanks
  ---
  duration_ms: 0.450229
  type: 'test'
  ...
# Subtest: HACS release artifact has root integration layout, complete brand assets and exact provenance
ok 264 - HACS release artifact has root integration layout, complete brand assets and exact provenance
  ---
  duration_ms: 432.877151
  type: 'test'
  ...
# Subtest: legacy third-party scripts are immutable and SRI protected
ok 265 - legacy third-party scripts are immutable and SRI protected
  ---
  duration_ms: 10.748905
  type: 'test'
  ...
# Subtest: future re-vendoring preserves the CDN integrity contract
ok 266 - future re-vendoring preserves the CDN integrity contract
  ---
  duration_ms: 1.922925
  type: 'test'
  ...
# Subtest: frontend registration hashes off-loop once and exposes only explicit runtime assets
ok 267 - frontend registration hashes off-loop once and exposes only explicit runtime assets
  ---
  duration_ms: 1.444182
  type: 'test'
  ...
# Subtest: build provenance is canonical and bridge message types are unique
ok 268 - build provenance is canonical and bridge message types are unique
  ---
  duration_ms: 4.590011
  type: 'test'
  ...
# Subtest: Home Assistant strings use English source and the required HACS icon stays installed
ok 269 - Home Assistant strings use English source and the required HACS icon stays installed
  ---
  duration_ms: 1.122823
  type: 'test'
  ...
# Subtest: closed month uses the exact exclusive next-month boundary
ok 270 - closed month uses the exact exclusive next-month boundary
  ---
  duration_ms: 3.204133
  type: 'test'
  ...
# Subtest: year range is independent from selected month
ok 271 - year range is independent from selected month
  ---
  duration_ms: 0.372976
  type: 'test'
  ...
# Subtest: current year range ends at now instead of reusing the selected month
ok 272 - current year range ends at now instead of reusing the selected month
  ---
  duration_ms: 0.232874
  type: 'test'
  ...
# Subtest: appliance cumulative total is converted to selected-period delta
ok 273 - appliance cumulative total is converted to selected-period delta
  ---
  duration_ms: 0.317402
  type: 'test'
  ...
# Subtest: Recorder sum growth matches Home Assistant across physical meter resets
ok 274 - Recorder sum growth matches Home Assistant across physical meter resets
  ---
  duration_ms: 0.586303
  type: 'test'
  ...
# Subtest: canonical total sensor derives every Energy period
ok 275 - canonical total sensor derives every Energy period
  ---
  duration_ms: 0.854823
  type: 'test'
  ...
# Subtest: configured monthly fields remain direct even when Home Assistant marks them total_increasing
ok 276 - configured monthly fields remain direct even when Home Assistant marks them total_increasing
  ---
  duration_ms: 0.643009
  type: 'test'
  ...
# Subtest: legacy overrides still classify total increasing meters safely
ok 277 - legacy overrides still classify total increasing meters safely
  ---
  duration_ms: 0.406167
  type: 'test'
  ...
# Subtest: one hosted bootstrap delegates to the section runtime, which owns the guard
ok 278 - one hosted bootstrap delegates to the section runtime, which owns the guard
  ---
  duration_ms: 26.754917
  type: 'test'
  ...
# Subtest: the hosted frame installs only the authenticated transport bridge
ok 279 - the hosted frame installs only the authenticated transport bridge
  ---
  duration_ms: 1.898419
  type: 'test'
  ...
# Subtest: production graph is single-owner, acyclic and contains no facade pass-throughs
ok 280 - production graph is single-owner, acyclic and contains no facade pass-throughs
  ---
  duration_ms: 60.474902
  type: 'test'
  ...
# Subtest: src/sections/home-section.js is physically absent
ok 281 - src/sections/home-section.js is physically absent
  ---
  duration_ms: 1.664744
  type: 'test'
  ...
# Subtest: src/sections/climate-section.js is physically absent
ok 282 - src/sections/climate-section.js is physically absent
  ---
  duration_ms: 0.810551
  type: 'test'
  ...
# Subtest: src/sections/security-section.js is physically absent
ok 283 - src/sections/security-section.js is physically absent
  ---
  duration_ms: 0.796955
  type: 'test'
  ...
# Subtest: src/sections/solar-thermal-section.js is physically absent
ok 284 - src/sections/solar-thermal-section.js is physically absent
  ---
  duration_ms: 0.893786
  type: 'test'
  ...
# Subtest: src/sections/pool-section.js is physically absent
ok 285 - src/sections/pool-section.js is physically absent
  ---
  duration_ms: 0.755138
  type: 'test'
  ...
# Subtest: src/sections/irrigation-section.js is physically absent
ok 286 - src/sections/irrigation-section.js is physically absent
  ---
  duration_ms: 2.245797
  type: 'test'
  ...
# Subtest: src/sections/minipc-section.js is physically absent
ok 287 - src/sections/minipc-section.js is physically absent
  ---
  duration_ms: 0.862597
  type: 'test'
  ...
# Subtest: src/sections/legacy-section-adapter.js is physically absent
ok 288 - src/sections/legacy-section-adapter.js is physically absent
  ---
  duration_ms: 1.483866
  type: 'test'
  ...
# Subtest: legacy/report-mobile-fixes.js is physically absent
ok 289 - legacy/report-mobile-fixes.js is physically absent
  ---
  duration_ms: 1.769228
  type: 'test'
  ...
# Subtest: rapid updates for the same entity are coalesced into one section refresh
ok 290 - rapid updates for the same entity are coalesced into one section refresh
  ---
  duration_ms: 1.744472
  type: 'test'
  ...
# Subtest: identical concurrent Recorder requests share one in-flight promise
ok 291 - identical concurrent Recorder requests share one in-flight promise
  ---
  duration_ms: 1.889563
  type: 'test'
  ...
# Subtest: runtime counters report Recorder, Energy, appliance and global work separately
ok 292 - runtime counters report Recorder, Energy, appliance and global work separately
  ---
  duration_ms: 0.229448
  type: 'test'
  ...
# Subtest: lights editor groups only rooms containing configured entities
ok 293 - lights editor groups only rooms containing configured entities
  ---
  duration_ms: 3.169789
  type: 'test'
  ...
# Subtest: vehicle image paths accept Home Assistant www, integration and relative assets
ok 294 - vehicle image paths accept Home Assistant www, integration and relative assets
  ---
  duration_ms: 0.925465
  type: 'test'
  ...
# Subtest: legacy-owned sections use one declarative registry instead of one wrapper file each
ok 295 - legacy-owned sections use one declarative registry instead of one wrapper file each
  ---
  duration_ms: 1.602668
  type: 'test'
  ...
# Subtest: home-section.js facade is physically absent
ok 296 - home-section.js facade is physically absent
  ---
  duration_ms: 6.046352
  type: 'test'
  ...
# Subtest: climate-section.js facade is physically absent
ok 297 - climate-section.js facade is physically absent
  ---
  duration_ms: 1.014191
  type: 'test'
  ...
# Subtest: security-section.js facade is physically absent
ok 298 - security-section.js facade is physically absent
  ---
  duration_ms: 0.784062
  type: 'test'
  ...
# Subtest: solar-thermal-section.js facade is physically absent
ok 299 - solar-thermal-section.js facade is physically absent
  ---
  duration_ms: 1.191451
  type: 'test'
  ...
# Subtest: pool-section.js facade is physically absent
ok 300 - pool-section.js facade is physically absent
  ---
  duration_ms: 1.183286
  type: 'test'
  ...
# Subtest: irrigation-section.js facade is physically absent
ok 301 - irrigation-section.js facade is physically absent
  ---
  duration_ms: 1.23351
  type: 'test'
  ...
# Subtest: minipc-section.js facade is physically absent
ok 302 - minipc-section.js facade is physically absent
  ---
  duration_ms: 2.426293
  type: 'test'
  ...
# Subtest: legacy-section-adapter.js facade is physically absent
ok 303 - legacy-section-adapter.js facade is physically absent
  ---
  duration_ms: 1.428293
  type: 'test'
  ...
# Subtest: host installs the bridge before any dashboard script executes
ok 304 - host installs the bridge before any dashboard script executes
  ---
  duration_ms: 6.290798
  type: 'test'
  ...
# Subtest: native renderer owns energy configuration while runtime owns flow rendering
ok 305 - native renderer owns energy configuration while runtime owns flow rendering
  ---
  duration_ms: 1.990681
  type: 'test'
  ...
# Subtest: energy config explains Recorder totals without DOM patching
ok 306 - energy config explains Recorder totals without DOM patching
  ---
  duration_ms: 1.97407
  type: 'test'
  ...
# Subtest: energy flow module restores active source colors
ok 307 - energy flow module restores active source colors
  ---
  duration_ms: 1.146738
  type: 'test'
  ...
# Subtest: appliance editor and cards keep icon and controls visible
ok 308 - appliance editor and cards keep icon and controls visible
  ---
  duration_ms: 1.370184
  type: 'test'
  ...
# Subtest: shutter popup uses the standard modal shell with its own real selectors
ok 309 - shutter popup uses the standard modal shell with its own real selectors
  ---
  duration_ms: 7.652196
  type: 'test'
  ...
# Subtest: shutter popup has one visual owner and no legacy polling skin
ok 310 - shutter popup has one visual owner and no legacy polling skin
  ---
  duration_ms: 2.651674
  type: 'test'
  ...
# Subtest: initial get_states snapshot updates registries without flooding the UI
ok 311 - initial get_states snapshot updates registries without flooding the UI
  ---
  duration_ms: 11.419568
  type: 'test'
  ...
# Subtest: live state changes are coalesced into one UI notification batch
ok 312 - live state changes are coalesced into one UI notification batch
  ---
  duration_ms: 12.247071
  type: 'test'
  ...
# Subtest: unconfigured Home Assistant chatter is stored but not sent to dashboard renderers
ok 313 - unconfigured Home Assistant chatter is stored but not sent to dashboard renderers
  ---
  duration_ms: 13.188917
  type: 'test'
  ...
# Subtest: legacy EV profile entities survive the global live-state filter
ok 314 - legacy EV profile entities survive the global live-state filter
  ---
  duration_ms: 11.132984
  type: 'test'
  ...
# Subtest: a managed key is rewritten under the instance prefix
ok 315 - a managed key is rewritten under the instance prefix
  ---
  duration_ms: 4.303803
  type: 'test'
  ...
# Subtest: what one instance writes, it reads back transparently
ok 316 - what one instance writes, it reads back transparently
  ---
  duration_ms: 1.072549
  type: 'test'
  ...
# Subtest: two instances cannot see each other's keys
ok 317 - two instances cannot see each other's keys
  ---
  duration_ms: 1.542555
  type: 'test'
  ...
# Subtest: unmanaged keys from other apps are left completely alone
ok 318 - unmanaged keys from other apps are left completely alone
  ---
  duration_ms: 0.604126
  type: 'test'
  ...
# Subtest: without an explicit id, the path yields a stable per-document id
ok 319 - without an explicit id, the path yields a stable per-document id
  ---
  duration_ms: 1.692676
  type: 'test'
  ...
# Subtest: clear removes only this instance's keys
ok 320 - clear removes only this instance's keys
  ---
  duration_ms: 0.985007
  type: 'test'
  ...
# Subtest: appliance mobile layout targets the real legacy body without changing artwork ownership
ok 321 - appliance mobile layout targets the real legacy body without changing artwork ownership
  ---
  duration_ms: 10.460522
  type: 'test'
  ...
# Subtest: energy editor keeps its existing owner for visibility and entity search
ok 322 - energy editor keeps its existing owner for visibility and entity search
  ---
  duration_ms: 2.674386
  type: 'test'
  ...
# Subtest: EV selector remains content-sized
ok 323 - EV selector remains content-sized
  ---
  duration_ms: 10.353501
  type: 'test'
  ...
# Subtest: shutter alert remains a centered modal on mobile
ok 324 - shutter alert remains a centered modal on mobile
  ---
  duration_ms: 2.404603
  type: 'test'
  ...
# Subtest: navigation has one canonical owner with dark-mode contrast
ok 325 - navigation has one canonical owner with dark-mode contrast
  ---
  duration_ms: 3.177123
  type: 'test'
  ...
# Subtest: temperature mobile card stays compact and in the existing layout owner
ok 326 - temperature mobile card stays compact and in the existing layout owner
  ---
  duration_ms: 2.333811
  type: 'test'
  ...
# Subtest: dashboard.html: navbar order and structural classes retain their DOM snapshot
ok 327 - dashboard.html: navbar order and structural classes retain their DOM snapshot
  ---
  duration_ms: 2.655851
  type: 'test'
  ...
# Subtest: dashboard.html: Lights has assignment/reorder but no room lifecycle controls
ok 328 - dashboard.html: Lights has assignment/reorder but no room lifecycle controls
  ---
  duration_ms: 0.49914
  type: 'test'
  ...
# Subtest: dashboard.html: canonical CRUD branches do not write legacy storage
ok 329 - dashboard.html: canonical CRUD branches do not write legacy storage
  ---
  duration_ms: 0.594889
  type: 'test'
  ...
# Subtest: dashboard-en.html: navbar order and structural classes retain their DOM snapshot
ok 330 - dashboard-en.html: navbar order and structural classes retain their DOM snapshot
  ---
  duration_ms: 0.998011
  type: 'test'
  ...
# Subtest: dashboard-en.html: Lights has assignment/reorder but no room lifecycle controls
ok 331 - dashboard-en.html: Lights has assignment/reorder but no room lifecycle controls
  ---
  duration_ms: 0.3593
  type: 'test'
  ...
# Subtest: dashboard-en.html: canonical CRUD branches do not write legacy storage
ok 332 - dashboard-en.html: canonical CRUD branches do not write legacy storage
  ---
  duration_ms: 0.414373
  type: 'test'
  ...
# Subtest: language-specific vendored layout styles retain byte-for-byte snapshots
ok 333 - language-specific vendored layout styles retain byte-for-byte snapshots
  ---
  duration_ms: 1.556732
  type: 'test'
  ...
# Subtest: shared legacy CSS does not own appliance card geometry
ok 334 - shared legacy CSS does not own appliance card geometry
  ---
  duration_ms: 0.290501
  type: 'test'
  ...
# Subtest: weekly Energy ranges compare Monday-to-now with the previous complete Monday-to-Monday week
ok 335 - weekly Energy ranges compare Monday-to-now with the previous complete Monday-to-Monday week
  ---
  duration_ms: 2.551136
  type: 'test'
  ...
# Subtest: weekly Home uses the same complete Home Assistant flow balance as Report
ok 336 - weekly Home uses the same complete Home Assistant flow balance as Report
  ---
  duration_ms: 0.409573
  type: 'test'
  ...
# Subtest: weekly Home keeps the House total meter as fallback when the flow boundary is incomplete
ok 337 - weekly Home keeps the House total meter as fallback when the flow boundary is incomplete
  ---
  duration_ms: 0.23086
  type: 'test'
  ...
# Subtest: weekly sources use cumulative Recorder-capable meters instead of current-period helpers
ok 338 - weekly sources use cumulative Recorder-capable meters instead of current-period helpers
  ---
  duration_ms: 0.613644
  type: 'test'
  ...
# Subtest: canonical editor contracts own the requested mobile polish without changing the Energy engine
ok 339 - canonical editor contracts own the requested mobile polish without changing the Energy engine
  ---
  duration_ms: 10.153789
  type: 'test'
  ...
1..339
# tests 339
# suites 0
# pass 339
# fail 0
# cancelled 0
# skipped 0
# todo 0
# duration_ms 2060.497411
